============================= test session starts =============================
platform win32 -- Python 3.11.7, pytest-9.0.1, pluggy-1.6.0
rootdir: C:\fisa\final-project\main-project-ai
plugins: anyio-4.9.0, langsmith-0.4.31, asyncio-1.3.0
asyncio: mode=Mode.STRICT, debug=False, asyncio_default_fixture_loop_scope=None, asyncio_default_test_loop_scope=function
collected 3 items

server\tests\test_rag.py F..                                             [100%]

================================== FAILURES ===================================
______________________ test_product_recommendation_flow _______________________

mock_vector_store = <MagicMock id='2510750336528'>
mock_llm = <MagicMock id='2510750513808'>

    @pytest.mark.asyncio
    async def test_product_recommendation_flow(mock_vector_store, mock_llm):
        """
        상품 추천 전체 흐름 테스트
        1. 사용자 질문 입력
        2. Vector Store 검색 (Mock)
        3. LLM 응답 생성 (Mock)
        4. 결과 반환 확인
        """
    
        # ProductsService의 의존성 Mocking
        with patch('app.services.products_service.user_vectorization_service') as mock_user_service, \
             patch('app.services.products_service.product_graph') as mock_graph:
    
            # 사용자 벡터 Mock 설정
            mock_user_service.user_vectors_collection.find_one.return_value = {
                "persona_text": "안정적인 투자를 선호하는 30대 직장인"
            }
    
            # LangGraph 실행 결과 Mock 설정
            mock_graph.ainvoke.return_value = {
                "messages": [
                    MagicMock(content='{"products": [{"product_id": "1", "product_type": "deposit", "product_name": "테스트 예금", "company_name": "테스트 은행", "reason": "추천 이유", "benefit": "3.5%"}]}')
                ]
            }
    
            service = ProductsService()
            user_id = 1
            user_message = "예금 추천해줘"
    
            # 서비스 호출
            products = await service.get_chat_products(user_id, user_message)
    
            # 검증
>           assert len(products) > 0
E           assert 0 > 0
E            +  where 0 = len([])

server\tests\test_rag.py:43: AssertionError
---------------------------- Captured stdout call -----------------------------
Agent 실행 실패: object dict can't be used in 'await' expression
---------------------------- Captured stderr call -----------------------------
Traceback (most recent call last):
  File "C:\fisa\final-project\main-project-ai\server\app\services\products_service.py", line 80, in get_recommendations
    result = await product_graph.ainvoke({
             ^^^^^^^^^^^^^^^^^^^^^^^^^^^^^
TypeError: object dict can't be used in 'await' expression
============================== warnings summary ===============================
<frozen abc>:106
  <frozen abc>:106: LangGraphDeprecatedSinceV10: AgentStatePydantic has been moved to `langchain.agents`. Please update your import to `from langchain.agents import AgentStatePydantic`. Deprecated in LangGraph V1.0 to be removed in V2.0.

-- Docs: https://docs.pytest.org/en/stable/how-to/capture-warnings.html
=========================== short test summary info ===========================
FAILED server/tests/test_rag.py::test_product_recommendation_flow - assert 0 > 0
=================== 1 failed, 2 passed, 1 warning in 14.05s ===================
