============================= test session starts =============================
platform win32 -- Python 3.11.7, pytest-9.0.1, pluggy-1.6.0 -- C:\Program Files\Python311\python.exe
cachedir: .pytest_cache
rootdir: C:\fisa\final-project\main-project-ai
plugins: anyio-4.9.0, langsmith-0.4.31, asyncio-1.3.0
asyncio: mode=Mode.STRICT, debug=False, asyncio_default_fixture_loop_scope=None, asyncio_default_test_loop_scope=function
